python : E
At line:1 char:1
+ python manage.py 
test > 
test_output.txt 2>&1
+ ~~~~~~~~~~~~~~~~~~~
~~~~~~~~~~~~~~~~~~~~~
~~~~
    + CategoryInfo   
           : NotSpe  
  cified: (E:Strin   
 g) [], RemoteExc    
eption
    + FullyQualified 
   ErrorId : Native  
  CommandError
 
=====================
=====================
=====================
=======
ERROR: 
test_api_login (unitt
est.loader._FailedTes
t.test_api_login)
---------------------
---------------------
---------------------
-------
ImportError: Failed 
to import test 
module: 
test_api_login
Traceback (most 
recent call last):
  File "C:\Program Fi
les\Python311\Lib\uni
ttest\loader.py", 
line 407, in 
_find_test_path
    module = self._ge
t_module_from_name(na
me)
             ^^^^^^^^
^^^^^^^^^^^^^^^^^^^^^
^^^
  File "C:\Program Fi
les\Python311\Lib\uni
ttest\loader.py", 
line 350, in 
_get_module_from_name
    __import__(name)
  File "D:\projects\f
ine-grained-permissio
n-system\backend\test
_api_login.py", line 
1, in <module>
    import requests
ModuleNotFoundError: 
No module named 
'requests'


---------------------
---------------------
---------------------
-------
Ran 1 test in 0.000s

FAILED (errors=1)
Django setup successful!
User model imported!
CustomTokenObtainPairSerializer imported!
Found 1 test(s).
System check identified no issues (0 silenced).
